06-26 22:40:16 com_github_MitjaNemec_ReplicateLayout.action_replicate_layout 409:Plugin executed on: 'win32'
06-26 22:40:16 com_github_MitjaNemec_ReplicateLayout.action_replicate_layout 410:Plugin executed with python version: '3.11.5 (main, Jan 23 2026, 07:39:48) [MSC v.1944 64 bit (AMD64)]'
06-26 22:40:16 com_github_MitjaNemec_ReplicateLayout.action_replicate_layout 411:KiCad build version: 10.0.1
06-26 22:40:16 com_github_MitjaNemec_ReplicateLayout.action_replicate_layout 412:Plugin version: 4.0.3
06-26 22:40:16 com_github_MitjaNemec_ReplicateLayout.action_replicate_layout 413:Frame repr: <wx._core.Frame object at 0x0000027C09D01480>
06-26 22:40:16 com_github_MitjaNemec_ReplicateLayout.action_replicate_layout 437:Preparing replicator with U6 as a reference
06-26 22:40:16 com_github_MitjaNemec_ReplicateLayout.replicate_layout 117:getting a list of all footprints on board
06-26 22:40:16 com_github_MitjaNemec_ReplicateLayout.action_replicate_layout 485:source anchor footprint is 'U6'
Located on: ['Instrument_L1_return']
With filenames: ['Instrument_Input.kicad_sch']
With sheet_id:['Instrument_L1_return']
06-26 22:40:16 com_github_MitjaNemec_ReplicateLayout.action_replicate_layout 492:Corresponding footprints are 
[('U5', ['Instrument_Input']), ('U7', ['Instrument_L2_return']), ('U6', ['Instrument_L1_return'])]
06-26 22:40:16 com_github_MitjaNemec_ReplicateLayout.action_replicate_layout 504:Showing dialog
06-26 22:40:16 com_github_MitjaNemec_ReplicateLayout.replicate_layout 472:constructing a list of sheets suitable for replication on level:'Instrument_L1_return', file:'Instrument_Input.kicad_sch'
06-26 22:40:16 com_github_MitjaNemec_ReplicateLayout.replicate_layout 509:suitable sheets are:[['Instrument_Input'], ['Instrument_L2_return']]
06-26 22:40:16 com_github_MitjaNemec_ReplicateLayout.replicate_layout 1512:Level selected: ['Instrument_L1_return']
06-26 22:40:16 com_github_MitjaNemec_ReplicateLayout.replicate_layout 1336:Filtering list of tracks
06-26 22:40:16 com_github_MitjaNemec_ReplicateLayout.action_replicate_layout 519:Fatal error when making an instance of replicator
Traceback (most recent call last):
  File "C:\Users\pappr\OneDrive\Documents\KiCad\10.0\3rdparty\\plugins\com_github_MitjaNemec_ReplicateLayout\action_replicate_layout.py", line 509, in Run
    toolbar_pos = self.frame.FindWindowById(pcbnew.ID_V_TOOLBAR).GetScreenPosition()
                                            ^^^^^^^^^^^^^^^^^^^
AttributeError: module 'pcbnew' has no attribute 'ID_V_TOOLBAR'
